// Jest Snapshot v1, https://goo.gl/fbAQLP

exports[`WelcomeHeader.vue should have the "Welcome to Pressbooks Directory title" 1`] = `
<v-container-stub tag="div" class="welcome-header">
  <h1>Welcome to Pressbooks Directory</h1>
  <p>
    This directory provides an index of <strong>0</strong> books published across
    <strong>0</strong> Pressbooks networks. Search and filter books by keyword,
    subject matter, license, and more. See
    <a href="https://networkmanagerguide.pressbooks.com/chapter/how-to-use-the-pressbooks-directory/">our guide for
      more detailed instructions</a> on using the Pressbooks Directory to find books of interest.
  </p>
  <!---->
  <featured-books-stub></featured-books-stub>
  <collections-stub></collections-stub>
  <searchbox-stub></searchbox-stub>
</v-container-stub>
`;

exports[`WelcomeHeader.vue should have the Searchbox component 1`] = `
<v-container-stub tag="div" class="welcome-header">
  <h1>Welcome to Pressbooks Directory</h1>
  <p>
    This directory provides an index of <strong>0</strong> books published across
    <strong>0</strong> Pressbooks networks. Search and filter books by keyword,
    subject matter, license, and more. See
    <a href="https://networkmanagerguide.pressbooks.com/chapter/how-to-use-the-pressbooks-directory/">our guide for
      more detailed instructions</a> on using the Pressbooks Directory to find books of interest.
  </p>
  <!---->
  <featured-books-stub></featured-books-stub>
  <collections-stub></collections-stub>
  <searchbox-stub></searchbox-stub>
</v-container-stub>
`;
